
     | | | | | | |
   _________________
  -|               |-
  -|               |-
  -|               |-
  -|    CYPRESS    |-
  -|               |-
  -|               |-   Warp VHDL Synthesis Compiler: Version 6.3 IR 35
  -|               |-   Copyright (C) 1991-2001 Cypress Semiconductor
   |_______________|
     | | | | | | |

======================================================================
Compiling:  Marquesina.vhd
Options:    -m -yu -e10 -w100 -o2 -ygs -fP -v10 -dc22v10 -ppalce22v10-15pc -b Marquesina.vhd -u Marquesina.hie
======================================================================

vhdlfe V6.3 IR 35:  VHDL parser
Tue May 23 19:10:25 2017

Library 'work' => directory 'lc22v10'
Linking 'C:\Archivos de programa\Cypress\Warp\bin\std.vhd'.
Linking 'C:\Archivos de programa\Cypress\Warp\lib\common\cypress.vhd'.
Linking 'C:\Archivos de programa\Cypress\Warp\lib\common\work\cypress.vif'.
Library 'ieee' => directory 'C:\Archivos de programa\Cypress\Warp\lib\ieee\work'
Linking 'C:\Archivos de programa\Cypress\Warp\lib\ieee\work\stdlogic.vif'.

vhdlfe:  No errors.


tovif V6.3 IR 35:  High-level synthesis
Tue May 23 19:10:25 2017

Linking 'C:\Archivos de programa\Cypress\Warp\bin\std.vhd'.
Linking 'C:\Archivos de programa\Cypress\Warp\lib\common\cypress.vhd'.
Linking 'C:\Archivos de programa\Cypress\Warp\lib\common\work\cypress.vif'.
Linking 'C:\Archivos de programa\Cypress\Warp\lib\ieee\work\stdlogic.vif'.

tovif:  No errors.


topld V6.3 IR 35:  Synthesis and optimization
Tue May 23 19:10:25 2017

Linking 'C:\Archivos de programa\Cypress\Warp\bin\std.vhd'.
Linking 'C:\Archivos de programa\Cypress\Warp\lib\common\cypress.vhd'.
Linking 'C:\Archivos de programa\Cypress\Warp\lib\common\work\cypress.vif'.
Linking 'C:\Archivos de programa\Cypress\Warp\lib\ieee\work\stdlogic.vif'.
State variable 'edo_presente' is represented by a Bit_vector (0 to 3).
State encoding (sequential) for 'edo_presente' is:
	q0 :=	b"0000";
	q1 :=	b"0001";
	q2 :=	b"0010";
	q3 :=	b"0011";
	q4 :=	b"0100";
	q5 :=	b"0101";
	q6 :=	b"0110";
	q7 :=	b"0111";
	q8 :=	b"1000";
	q9 :=	b"1001";
	q10 :=	b"1010";
	q11 :=	b"1011";
	q12 :=	b"1100";
State variable 'edo_siguiente' is represented by a Bit_vector (0 to 3).
State encoding (sequential) for 'edo_siguiente' is:
	q0 :=	b"0000";
	q1 :=	b"0001";
	q2 :=	b"0010";
	q3 :=	b"0011";
	q4 :=	b"0100";
	q5 :=	b"0101";
	q6 :=	b"0110";
	q7 :=	b"0111";
	q8 :=	b"1000";
	q9 :=	b"1001";
	q10 :=	b"1010";
	q11 :=	b"1011";
	q12 :=	b"1100";

----------------------------------------------------------
Detecting unused logic.
----------------------------------------------------------



------------------------------------------------------
Alias Detection
------------------------------------------------------

------------------------------------------------------
Aliased 0 equations, 11 wires.
------------------------------------------------------

----------------------------------------------------------
Circuit simplification
----------------------------------------------------------

----------------------------------------------------------
Circuit simplification results:

	Expanded 2 signals.
	Turned 0 signals into soft nodes.
	Maximum default expansion cost was set at 10.
----------------------------------------------------------

------------------------------------------------------
Alias Detection
------------------------------------------------------

------------------------------------------------------
Aliased 0 equations, 0 wires.
------------------------------------------------------
Created 39 PLD nodes.

topld:  No errors.

----------------------------------------------------------------------------
PLD Optimizer Software:       DSGNOPT.EXE    31/03/2000  [v4.02 ] 6.3 IR 35

DESIGN HEADER INFORMATION  (19:10:27)

Input File(s): Marquesina.pla
Device       : C22V10
Package      : palce22v10-15pc
ReportFile   : Marquesina.rpt

Program Controls:
    COMMAND LANGUAGE_VHDL 
    COMMAND PROPERTY BUS_HOLD ENABLE 

Signal Requests:
    GROUP USEPOL ALL
    GROUP FAST_SLEW ALL

Completed Successfully  
----------------------------------------------------------------------------
PLD Optimizer Software:       DSGNOPT.EXE    31/03/2000  [v4.02 ] 6.3 IR 35

OPTIMIZATION OPTIONS       (19:10:27)

Messages:
  Information: Process virtual 'edo_siguienteSBV_3'edo_siguienteSBV_3 ... expanded.
  Information: Process virtual 'edo_siguienteSBV_2'edo_siguienteSBV_2 ... expanded.
  Information: Process virtual 'edo_siguienteSBV_1'edo_siguienteSBV_1 ... expanded.
  Information: Process virtual 'edo_siguienteSBV_0'edo_siguienteSBV_0 ... expanded.
  Information: Process virtual 'edo_presenteSBV_3' ... converted to NODE.
  Information: Process virtual 'edo_presenteSBV_2' ... converted to NODE.
  Information: Process virtual 'edo_presenteSBV_1' ... converted to NODE.
  Information: Process virtual 'edo_presenteSBV_0' ... converted to NODE.
  Information: Optimizing logic using best output polarity for signals:
         display(0) display(3) display(4) display(5) display(6)
         edo_presenteSBV_0.D edo_presenteSBV_1.D edo_presenteSBV_2.D
         edo_presenteSBV_3.D sel(0) sel(1) sel(2)

  Information: Selected logic optimization OFF for signals:
         display(1) display(2) edo_presenteSBV_0.AR edo_presenteSBV_0.C
         edo_presenteSBV_1.AR edo_presenteSBV_1.C edo_presenteSBV_2.AR
         edo_presenteSBV_2.C edo_presenteSBV_3.AR edo_presenteSBV_3.C



Summary:
                 Error Count = 0      Warning Count = 0

Completed Successfully  
----------------------------------------------------------------------------
PLD Optimizer Software:       MINOPT.EXE     01/NOV/1999  [v4.02 ] 6.3 IR 35

LOGIC MINIMIZATION         ()

Messages:


Summary:
                 Error Count = 0      Warning Count = 0

Completed Successfully
----------------------------------------------------------------------------
PLD Optimizer Software:       DSGNOPT.EXE    31/03/2000  [v4.02 ] 6.3 IR 35

OPTIMIZATION OPTIONS       (19:10:27)

Messages:
  Information: Optimizing Banked Preset/Reset requirements.


Summary:
                 Error Count = 0      Warning Count = 0

Completed Successfully  
----------------------------------------------------------------------------
PLD Compiler Software:        PLA2JED.EXE    31/03/2000  [v4.02 ] 6.3 IR 35

<CYPRESSTAG name="Equations" icon=FILE_RPT_EQUATION>
DESIGN EQUATIONS           (19:10:27)
</CYPRESSTAG>

    /display(0) =
          /edo_presenteSBV_0.Q * /edo_presenteSBV_1.Q * 
          edo_presenteSBV_2.Q * /edo_presenteSBV_3.Q 
        + edo_presenteSBV_0.Q * /edo_presenteSBV_1.Q * edo_presenteSBV_3.Q 
        + /edo_presenteSBV_1.Q * /edo_presenteSBV_2.Q * 
          edo_presenteSBV_3.Q 
        + edo_presenteSBV_1.Q * /edo_presenteSBV_2.Q * 
          /edo_presenteSBV_3.Q 

    display(1) =
          display(2) 

    display(2) =
          /edo_presenteSBV_0.Q * /edo_presenteSBV_1.Q * 
          /edo_presenteSBV_2.Q * /edo_presenteSBV_3.Q 

    display(3) =
          /edo_presenteSBV_1.Q * /edo_presenteSBV_2.Q * 
          edo_presenteSBV_3.Q 
        + edo_presenteSBV_1.Q * /edo_presenteSBV_2.Q * 
          /edo_presenteSBV_3.Q 
        + /edo_presenteSBV_0.Q * /edo_presenteSBV_1.Q * 
          /edo_presenteSBV_3.Q 
        + edo_presenteSBV_0.Q * edo_presenteSBV_3.Q 

    display(4) =
          edo_presenteSBV_1.Q * edo_presenteSBV_2.Q * /edo_presenteSBV_3.Q 
        + edo_presenteSBV_0.Q * edo_presenteSBV_2.Q * /edo_presenteSBV_3.Q 
        + /edo_presenteSBV_1.Q * /edo_presenteSBV_2.Q * 
          /edo_presenteSBV_3.Q 

    display(5) =
          edo_presenteSBV_1.Q * edo_presenteSBV_2.Q * /edo_presenteSBV_3.Q 
        + edo_presenteSBV_0.Q * edo_presenteSBV_2.Q * /edo_presenteSBV_3.Q 
        + /edo_presenteSBV_1.Q * /edo_presenteSBV_2.Q * 
          /edo_presenteSBV_3.Q 

    display(6) =
          /edo_presenteSBV_0.Q * /edo_presenteSBV_1.Q * 
          /edo_presenteSBV_2.Q 
        + /edo_presenteSBV_0.Q * /edo_presenteSBV_3.Q 
        + /edo_presenteSBV_1.Q * /edo_presenteSBV_3.Q 

    edo_presenteSBV_0.D =
          /e(0) * e(1) * e(2) * edo_presenteSBV_1.Q * edo_presenteSBV_2.Q * 
          edo_presenteSBV_3.Q 
        + e(0) * /e(1) * e(2) * edo_presenteSBV_1.Q * edo_presenteSBV_2.Q * 
          edo_presenteSBV_3.Q 
        + e(0) * /e(2) * edo_presenteSBV_0.Q 
        + /e(0) * edo_presenteSBV_0.Q * /edo_presenteSBV_1.Q 
        + e(2) * edo_presenteSBV_0.Q * /edo_presenteSBV_3.Q 
        + edo_presenteSBV_0.Q * edo_presenteSBV_2.Q 
        + e(1) * edo_presenteSBV_0.Q 

    edo_presenteSBV_0.AR =
          clr 

    edo_presenteSBV_0.SP =
          GND

    edo_presenteSBV_0.C =
          clk 

    edo_presenteSBV_1.D =
          e(0) * /e(1) * e(2) * edo_presenteSBV_0.Q * /edo_presenteSBV_2.Q * 
          edo_presenteSBV_3.Q 
        + e(0) * e(1) * e(2) * edo_presenteSBV_0.Q * edo_presenteSBV_2.Q 
        + /e(0) * /e(1) * e(2) * /edo_presenteSBV_0.Q * 
          edo_presenteSBV_2.Q 
        + e(0) * e(1) * edo_presenteSBV_1.Q 
        + /e(2) * edo_presenteSBV_1.Q * edo_presenteSBV_2.Q 
        + /edo_presenteSBV_0.Q * edo_presenteSBV_1.Q * 
          /edo_presenteSBV_2.Q 
        + e(2) * edo_presenteSBV_1.Q * /edo_presenteSBV_3.Q 
        + e(1) * edo_presenteSBV_1.Q * /edo_presenteSBV_3.Q 
        + e(0) * edo_presenteSBV_1.Q * /edo_presenteSBV_3.Q 

    edo_presenteSBV_1.AR =
          clr 

    edo_presenteSBV_1.SP =
          GND

    edo_presenteSBV_1.C =
          clk 

    edo_presenteSBV_2.D =
          e(0) * e(1) * /e(2) * /edo_presenteSBV_0.Q * 
          /edo_presenteSBV_1.Q * edo_presenteSBV_3.Q 
        + e(0) * /e(1) * e(2) * /edo_presenteSBV_0.Q * edo_presenteSBV_1.Q * 
          /edo_presenteSBV_3.Q 
        + e(0) * /e(1) * e(2) * edo_presenteSBV_0.Q * edo_presenteSBV_3.Q 
        + /e(0) * /edo_presenteSBV_0.Q * edo_presenteSBV_1.Q * 
          edo_presenteSBV_2.Q * edo_presenteSBV_3.Q 
        + /e(0) * e(1) * e(2) * edo_presenteSBV_0.Q * /edo_presenteSBV_1.Q 
        + /e(1) * e(2) * edo_presenteSBV_1.Q * /edo_presenteSBV_2.Q * 
          edo_presenteSBV_3.Q 
        + e(0) * /edo_presenteSBV_0.Q * /edo_presenteSBV_1.Q * 
          edo_presenteSBV_2.Q 
        + /e(1) * edo_presenteSBV_0.Q * edo_presenteSBV_2.Q 
        + e(1) * /edo_presenteSBV_0.Q * edo_presenteSBV_2.Q 
        + /e(2) * edo_presenteSBV_2.Q 

    edo_presenteSBV_2.AR =
          clr 

    edo_presenteSBV_2.SP =
          GND

    edo_presenteSBV_2.C =
          clk 

    edo_presenteSBV_3.D =
          e(0) * e(1) * /e(2) * /edo_presenteSBV_0.Q * 
          /edo_presenteSBV_1.Q * edo_presenteSBV_2.Q * 
          /edo_presenteSBV_3.Q 
        + e(0) * /e(1) * e(2) * edo_presenteSBV_0.Q * /edo_presenteSBV_1.Q * 
          /edo_presenteSBV_2.Q 
        + /e(0) * e(1) * /e(2) * /edo_presenteSBV_0.Q * 
          /edo_presenteSBV_1.Q * /edo_presenteSBV_2.Q 
        + /e(0) * e(1) * e(2) * edo_presenteSBV_0.Q * edo_presenteSBV_2.Q * 
          /edo_presenteSBV_3.Q 
        + e(0) * /e(1) * e(2) * edo_presenteSBV_1.Q * edo_presenteSBV_2.Q * 
          /edo_presenteSBV_3.Q 
        + /e(1) * e(2) * /edo_presenteSBV_0.Q * edo_presenteSBV_1.Q * 
          /edo_presenteSBV_2.Q * /edo_presenteSBV_3.Q 
        + /e(0) * /e(1) * edo_presenteSBV_1.Q * edo_presenteSBV_2.Q * 
          edo_presenteSBV_3.Q 
        + e(0) * e(2) * /edo_presenteSBV_0.Q * /edo_presenteSBV_1.Q * 
          edo_presenteSBV_3.Q 
        + /e(0) * e(1) * /edo_presenteSBV_0.Q * /edo_presenteSBV_1.Q * 
          edo_presenteSBV_3.Q 
        + e(2) * /edo_presenteSBV_0.Q * /edo_presenteSBV_1.Q * 
          /edo_presenteSBV_2.Q * edo_presenteSBV_3.Q 
        + e(0) * e(1) * edo_presenteSBV_1.Q * edo_presenteSBV_3.Q 
        + e(1) * edo_presenteSBV_1.Q * /edo_presenteSBV_2.Q * 
          edo_presenteSBV_3.Q 
        + e(0) * e(2) * /edo_presenteSBV_2.Q * edo_presenteSBV_3.Q 
        + /e(1) * edo_presenteSBV_0.Q * edo_presenteSBV_3.Q 
        + /e(2) * edo_presenteSBV_1.Q * edo_presenteSBV_3.Q 
        + /e(2) * edo_presenteSBV_0.Q * edo_presenteSBV_3.Q 
        + /e(1) * /e(2) * edo_presenteSBV_3.Q 

    edo_presenteSBV_3.AR =
          clr 

    edo_presenteSBV_3.SP =
          GND

    edo_presenteSBV_3.C =
          clk 

    /sel(0) =
          /edo_presenteSBV_0.Q * edo_presenteSBV_1.Q * edo_presenteSBV_2.Q * 
          /edo_presenteSBV_3.Q 
        + /edo_presenteSBV_0.Q * /edo_presenteSBV_1.Q * 
          edo_presenteSBV_3.Q 
        + /edo_presenteSBV_1.Q * /edo_presenteSBV_2.Q * 
          edo_presenteSBV_3.Q 

    /sel(1) =
          /edo_presenteSBV_0.Q * /edo_presenteSBV_1.Q * 
          edo_presenteSBV_2.Q * /edo_presenteSBV_3.Q 
        + edo_presenteSBV_0.Q * /edo_presenteSBV_1.Q * 
          /edo_presenteSBV_2.Q * /edo_presenteSBV_3.Q 
        + edo_presenteSBV_0.Q * edo_presenteSBV_2.Q * edo_presenteSBV_3.Q 
        + edo_presenteSBV_1.Q * /edo_presenteSBV_2.Q * edo_presenteSBV_3.Q 

    /sel(2) =
          edo_presenteSBV_1.Q * edo_presenteSBV_2.Q * edo_presenteSBV_3.Q 
        + edo_presenteSBV_0.Q * edo_presenteSBV_2.Q * /edo_presenteSBV_3.Q 
        + edo_presenteSBV_1.Q * /edo_presenteSBV_2.Q * 
          /edo_presenteSBV_3.Q 


Completed Successfully  
----------------------------------------------------------------------------
PLD Compiler Software:        PLA2JED.EXE    31/03/2000  [v4.02 ] 6.3 IR 35

DESIGN RULE CHECK          (19:10:27)

Messages:
  Error: Logic equation has too many product terms on signal edo_presenteSBV_3.D.
         Found = 17  ,  Maximum = 16


Summary:
                 Error Count = 1      Warning Count = 0

Errors Detected.
