
     | | | | | | |
   _________________
  -|               |-
  -|               |-
  -|               |-
  -|    CYPRESS    |-
  -|               |-
  -|               |-   Warp VHDL Synthesis Compiler: Version 6.3 IR 35
  -|               |-   Copyright (C) 1991-2001 Cypress Semiconductor
   |_______________|
     | | | | | | |

======================================================================
Compiling:  Sensores.vhd
Options:    -yu -e10 -w100 -o2 -ygs -fP -v10 -dc22v10 -ppalce22v10-15pc -b Sensores.vhd -u Sensores.hie
======================================================================

vhdlfe V6.3 IR 35:  VHDL parser
Wed May 24 18:34:44 2017

Library 'work' => directory 'lc22v10'
Linking 'C:\Archivos de programa\Cypress\Warp\bin\std.vhd'.
Linking 'C:\Archivos de programa\Cypress\Warp\lib\common\cypress.vhd'.
Linking 'C:\Archivos de programa\Cypress\Warp\lib\common\work\cypress.vif'.
Library 'ieee' => directory 'C:\Archivos de programa\Cypress\Warp\lib\ieee\work'
Linking 'C:\Archivos de programa\Cypress\Warp\lib\ieee\work\stdlogic.vif'.

vhdlfe:  No errors.


tovif V6.3 IR 35:  High-level synthesis
Wed May 24 18:34:44 2017

Linking 'C:\Archivos de programa\Cypress\Warp\bin\std.vhd'.
Linking 'C:\Archivos de programa\Cypress\Warp\lib\common\cypress.vhd'.
Linking 'C:\Archivos de programa\Cypress\Warp\lib\common\work\cypress.vif'.
Linking 'C:\Archivos de programa\Cypress\Warp\lib\ieee\work\stdlogic.vif'.
Sensores.vhd (line 47, col 12):  Warning: (W479) 'sel' should be referenced in the sensitivity list.
Sensores.vhd (line 49, col 15):  Warning: (W479) 'sel' should be referenced in the sensitivity list.
Sensores.vhd (line 51, col 15):  Warning: (W479) 'sel' should be referenced in the sensitivity list.

tovif:  No errors.  3 warnings.


topld V6.3 IR 35:  Synthesis and optimization
Wed May 24 18:34:44 2017

Linking 'C:\Archivos de programa\Cypress\Warp\bin\std.vhd'.
Linking 'C:\Archivos de programa\Cypress\Warp\lib\common\cypress.vhd'.
Linking 'C:\Archivos de programa\Cypress\Warp\lib\common\work\cypress.vif'.
Linking 'C:\Archivos de programa\Cypress\Warp\lib\ieee\work\stdlogic.vif'.

----------------------------------------------------------
Detecting unused logic.
----------------------------------------------------------



------------------------------------------------------
Alias Detection
------------------------------------------------------

------------------------------------------------------
Aliased 0 equations, 15 wires.
------------------------------------------------------

----------------------------------------------------------
Circuit simplification
----------------------------------------------------------

----------------------------------------------------------
Circuit simplification results:

	Expanded 5 signals.
	Turned 0 signals into soft nodes.
	Maximum default expansion cost was set at 10.
----------------------------------------------------------

------------------------------------------------------
Alias Detection
------------------------------------------------------

------------------------------------------------------
Aliased 0 equations, 0 wires.
------------------------------------------------------
Created 39 PLD nodes.

topld:  No errors.

----------------------------------------------------------------------------
PLD Optimizer Software:       DSGNOPT.EXE    31/03/2000  [v4.02 ] 6.3 IR 35

DESIGN HEADER INFORMATION  (18:34:45)

Input File(s): Sensores.pla
Device       : C22V10
Package      : palce22v10-15pc
ReportFile   : Sensores.rpt

Program Controls:
    COMMAND LANGUAGE_VHDL 
    COMMAND PROPERTY BUS_HOLD ENABLE 

Signal Requests:
    GROUP USEPOL ALL
    GROUP FAST_SLEW ALL

Completed Successfully  
----------------------------------------------------------------------------
PLD Optimizer Software:       DSGNOPT.EXE    31/03/2000  [v4.02 ] 6.3 IR 35

OPTIMIZATION OPTIONS       (18:34:45)

Messages:
  Information: Process virtual 'an_0'an_0 ... expanded.
  Information: Process virtual 'an_1'an_1 ... expanded.
  Information: Process virtual 'an_2'an_2 ... expanded.
  Information: Optimizing logic using best output polarity for signals:
         display(0) display(1) display(2) display(3) display(4) display(5)
         display(6)

  Information: Selected logic optimization OFF for signals:
         sel(0).D sel(0).AR sel(0).C sel(1).D sel(1).AP sel(1).C sel(2).D
         sel(2).AP sel(2).C



Summary:
                 Error Count = 0      Warning Count = 0

Completed Successfully  
----------------------------------------------------------------------------
PLD Optimizer Software:       MINOPT.EXE     01/NOV/1999  [v4.02 ] 6.3 IR 35

LOGIC MINIMIZATION         ()

Messages:


Summary:
                 Error Count = 0      Warning Count = 0

Completed Successfully
----------------------------------------------------------------------------
PLD Optimizer Software:       DSGNOPT.EXE    31/03/2000  [v4.02 ] 6.3 IR 35

OPTIMIZATION OPTIONS       (18:34:45)

Messages:
  Information: Optimizing Banked Preset/Reset requirements.
  Information: Selecting D register equation as minimal for signal sel(0)
  Information: Inverting Preset/Reset & output logic polarity for sel(1).
  Information: Selecting D register equation as minimal for signal sel(1)
  Information: Inverting Preset/Reset & output logic polarity for sel(2).
  Information: Selecting D register equation as minimal for signal sel(2)
  Information: Optimizing logic without changing polarity for signals:
         display(0) display(1) display(2) display(3) display(4) display(5)
         display(6)

  Information: Selected logic optimization OFF for signals:
         sel(0).D sel(0).AR sel(0).SP sel(0).C sel(1).D sel(1).AR sel(1).SP
         sel(1).C sel(2).D sel(2).AR sel(2).SP sel(2).C



Summary:
                 Error Count = 0      Warning Count = 0

Completed Successfully  
----------------------------------------------------------------------------
PLD Optimizer Software:       MINOPT.EXE     01/NOV/1999  [v4.02 ] 6.3 IR 35

LOGIC MINIMIZATION         ()

Messages:


Summary:
                 Error Count = 0      Warning Count = 0

Completed Successfully
----------------------------------------------------------------------------
PLD Optimizer Software:       DSGNOPT.EXE    31/03/2000  [v4.02 ] 6.3 IR 35

OPTIMIZATION OPTIONS       (18:34:45)

Messages:


Summary:
                 Error Count = 0      Warning Count = 0

Completed Successfully  
----------------------------------------------------------------------------
PLD Compiler Software:        PLA2JED.EXE    31/03/2000  [v4.02 ] 6.3 IR 35

<CYPRESSTAG name="Equations" icon=FILE_RPT_EQUATION>
DESIGN EQUATIONS           (18:34:45)
</CYPRESSTAG>

    display(0) =
          dec(2) * /sel(0).Q * /sel(1).Q * uni(0) * uni(1) 
        + dec(1) * /sel(0).Q * /sel(1).Q * uni(0) * uni(2) 
        + dec(1) * dec(2) * /sel(0).Q * /sel(1).Q * uni(0) 
        + dec(0) * /sel(0).Q * /sel(1).Q * uni(1) * uni(2) 
        + dec(0) * dec(2) * /sel(0).Q * /sel(1).Q * uni(1) 
        + dec(0) * dec(1) * /sel(0).Q * /sel(1).Q * uni(2) 
        + /dec(1) * /dec(2) * /uni(1) * /uni(2) * /uni(3) 
        + /sel(0).Q * uni(0) * uni(1) * uni(2) 
        + dec(0) * dec(1) * dec(2) * /sel(1).Q 
        + sel(1).Q * /uni(1) * /uni(2) * /uni(3) 
        + /dec(1) * /dec(2) * sel(0).Q 
        + sel(0).Q * sel(1).Q 

    display(1) =
          /sel(0).Q * sel(1).Q * uni(0) * /uni(2) * /uni(3) 
        + /dec(2) * /sel(0).Q * uni(0) * /uni(2) * /uni(3) 
        + dec(0) * /dec(2) * /sel(1).Q * /uni(2) * /uni(3) 
        + dec(1) * /dec(2) * sel(0).Q * /sel(1).Q 
        + dec(0) * /dec(2) * sel(0).Q * /sel(1).Q 
        + dec(1) * /sel(0).Q * /sel(1).Q * uni(0) 
        + dec(0) * /sel(0).Q * /sel(1).Q * uni(1) 
        + /sel(0).Q * sel(1).Q * uni(1) * /uni(2) 
        + /dec(2) * /sel(0).Q * uni(1) * /uni(2) 
        + dec(1) * /dec(2) * /sel(1).Q * /uni(2) 
        + /sel(0).Q * uni(0) * uni(1) 
        + dec(0) * dec(1) * /sel(1).Q 

    display(2) =
          /dec(1) * dec(2) * sel(0).Q * /sel(1).Q 
        + /sel(0).Q * sel(1).Q * /uni(1) * uni(2) 
        + /dec(1) * /sel(0).Q * /uni(1) * uni(2) 
        + /dec(1) * dec(2) * /sel(1).Q * /uni(1) 
        + /sel(0).Q * uni(0) 
        + dec(0) * /sel(1).Q 

    display(3) =
          /dec(1) * /dec(2) * /sel(0).Q * uni(0) * /uni(1) * /uni(2) * 
          /uni(3) 
        + dec(0) * /dec(1) * /dec(2) * /sel(1).Q * /uni(1) * /uni(2) * 
          /uni(3) 
        + /dec(0) * /dec(1) * /sel(0).Q * /uni(0) * /uni(1) * uni(2) 
        + /dec(0) * /dec(1) * dec(2) * /sel(1).Q * /uni(0) * /uni(1) 
        + /sel(0).Q * sel(1).Q * uni(0) * /uni(1) * /uni(2) * /uni(3) 
        + /dec(0) * /dec(1) * dec(2) * sel(0).Q * /sel(1).Q 
        + dec(0) * /dec(1) * /dec(2) * sel(0).Q * /sel(1).Q 
        + dec(2) * /sel(0).Q * /sel(1).Q * uni(0) * uni(1) 
        + dec(1) * /sel(0).Q * /sel(1).Q * uni(0) * uni(2) 
        + dec(1) * dec(2) * /sel(0).Q * /sel(1).Q * uni(0) 
        + dec(0) * /sel(0).Q * /sel(1).Q * uni(1) * uni(2) 
        + dec(0) * dec(2) * /sel(0).Q * /sel(1).Q * uni(1) 
        + dec(0) * dec(1) * /sel(0).Q * /sel(1).Q * uni(2) 
        + /sel(0).Q * sel(1).Q * /uni(0) * /uni(1) * uni(2) 
        + /sel(0).Q * uni(0) * uni(1) * uni(2) 
        + dec(0) * dec(1) * dec(2) * /sel(1).Q 

    display(4) =
          /dec(0) * /dec(2) * /sel(0).Q * /uni(0) * uni(1) * /uni(2) 
        + /dec(0) * dec(1) * /dec(2) * /sel(1).Q * /uni(0) * /uni(2) 
        + /dec(0) * dec(1) * /dec(2) * sel(0).Q * /sel(1).Q 
        + /sel(0).Q * sel(1).Q * /uni(0) * uni(1) * /uni(2) 

    /display(5) =
          dec(1) * /sel(0).Q * /sel(1).Q * uni(0) 
        + dec(0) * /sel(0).Q * /sel(1).Q * uni(1) 
        + /dec(0) * /dec(1) * /uni(0) * /uni(1) 
        + /dec(0) * /dec(1) * sel(0).Q 
        + /sel(0).Q * uni(0) * uni(1) 
        + dec(0) * dec(1) * /sel(1).Q 
        + sel(1).Q * /uni(0) * /uni(1) 
        + sel(0).Q * sel(1).Q 
        + /dec(2) * sel(0).Q 
        + sel(1).Q * /uni(2) 
        + /dec(2) * /uni(2) 

    display(6) =
          /dec(1) * /dec(2) * /sel(0).Q * uni(0) * /uni(1) * /uni(2) * 
          /uni(3) 
        + dec(0) * /dec(1) * /dec(2) * /sel(1).Q * /uni(1) * /uni(2) * 
          /uni(3) 
        + /dec(0) * /dec(1) * /sel(0).Q * /uni(0) * /uni(1) * uni(2) 
        + /dec(0) * /dec(1) * dec(2) * /sel(1).Q * /uni(0) * /uni(1) 
        + /sel(0).Q * sel(1).Q * uni(0) * /uni(1) * /uni(2) * /uni(3) 
        + /dec(0) * /dec(1) * dec(2) * sel(0).Q * /sel(1).Q 
        + dec(0) * /dec(1) * /dec(2) * sel(0).Q * /sel(1).Q 
        + /sel(0).Q * sel(1).Q * /uni(0) * /uni(1) * uni(2) 

    sel(0).D =
          sel(2).Q 

    sel(0).AR =
          clr 

    sel(0).SP =
          GND

    sel(0).C =
          clk 

    /sel(1).D =
          /sel(0).Q 

    sel(1).AR =
          clr 

    sel(1).SP =
          GND

    sel(1).C =
          clk 

    /sel(2).D =
          /sel(1).Q 

    sel(2).AR =
          clr 

    sel(2).SP =
          GND

    sel(2).C =
          clk 


Completed Successfully  
----------------------------------------------------------------------------
PLD Compiler Software:        PLA2JED.EXE    31/03/2000  [v4.02 ] 6.3 IR 35

DESIGN RULE CHECK          (18:34:45)

Messages:
                 None.


Summary:
                 Error Count = 0      Warning Count = 0

Completed Successfully  
----------------------------------------------------------------------------
PLD Compiler Software:        PLA2JED.EXE    31/03/2000  [v4.02 ] 6.3 IR 35

<CYPRESSTAG name="Pinout" icon=FILE_RPT_PINOUT>
PINOUT INFORMATION   (18:34:45)
</CYPRESSTAG>
Messages:
  Information: Checking for duplicate NODE logic.
                 None.


                                 C22V10
                 __________________________________________
            clk =| 1|                                  |24|* not used       
            clr =| 2|                                  |23|= sel(1)         
       not used *| 3|                                  |22|= sel(2)         
       not used *| 4|                                  |21|= display(0)     
         dec(2) =| 5|                                  |20|= display(1)     
         dec(1) =| 6|                                  |19|= display(2)     
         dec(0) =| 7|                                  |18|= display(3)     
         uni(3) =| 8|                                  |17|= display(4)     
         uni(2) =| 9|                                  |16|= display(5)     
         uni(1) =|10|                                  |15|= display(6)     
         uni(0) =|11|                                  |14|= sel(0)         
       not used *|12|                                  |13|* not used       
                 __________________________________________


Summary:
                 Error Count = 0      Warning Count = 0

Completed Successfully  
----------------------------------------------------------------------------
PLD Compiler Software:        PLA2JED.EXE    31/03/2000  [v4.02 ] 6.3 IR 35

<CYPRESSTAG name="Utilization" icon=FILE_RPT_UTILIZATION>
RESOURCE UTILIZATION (18:34:45)
</CYPRESSTAG>
  Information: Macrocell Utilization.

                     Description        Used     Max
                 ______________________________________
                 | Dedicated Inputs   |    8  |   11  |
                 | Clock/Inputs       |    1  |    1  |
                 | I/O Macrocells     |   10  |   10  |
                 ______________________________________
                                          19  /   22   = 86  %


  Information: Output Logic Product Term Utilization.

                  Node#  Output Signal Name  Used   Max
                 ________________________________________
                 | 14  |  sel(0)          |   1  |   8  |
                 | 15  |  display(6)      |   8  |  10  |
                 | 16  |  display(5)      |  11  |  12  |
                 | 17  |  display(4)      |   4  |  14  |
                 | 18  |  display(3)      |  16  |  16  |
                 | 19  |  display(2)      |   6  |  16  |
                 | 20  |  display(1)      |  12  |  14  |
                 | 21  |  display(0)      |  12  |  12  |
                 | 22  |  sel(2)          |   1  |  10  |
                 | 23  |  sel(1)          |   1  |   8  |
                 | 25  |  Unused          |   0  |   1  |
                 ________________________________________
                                             72  / 121   = 59  %


Completed Successfully  
----------------------------------------------------------------------------
PLD Compiler Software:        PLA2JED.EXE    31/03/2000  [v4.02 ] 6.3 IR 35

JEDEC ASSEMBLE             (18:34:45)

Messages:
  Information: Output file 'Sensores.pin' created.
  Information: Output file 'Sensores.jed' created.

  Usercode:    
  Checksum:    A973



Summary:
                 Error Count = 0      Warning Count = 0

Completed Successfully at 18:34:45
