
     | | | | | | |
   _________________
  -|               |-
  -|               |-
  -|               |-
  -|    CYPRESS    |-
  -|               |-
  -|               |-   Warp VHDL Synthesis Compiler: Version 6.3 IR 35
  -|               |-   Copyright (C) 1991-2001 Cypress Semiconductor
   |_______________|
     | | | | | | |

======================================================================
Compiling:  Codigo_P7_TecladoMatricial.vhd
Options:    -yu -e10 -w100 -o2 -ygs -fP -v10 -dc22v10 -ppalce22v10-15pc -b Codigo_P7_TecladoMatricial.vhd -u Pract7_TecladoMatricial.hie
======================================================================

vhdlfe V6.3 IR 35:  VHDL parser
Tue Oct 18 17:10:42 2016

Library 'work' => directory 'lc22v10'
Linking 'C:\Archivos de programa\Cypress\Warp\bin\std.vhd'.
Linking 'C:\Archivos de programa\Cypress\Warp\lib\common\cypress.vhd'.
Linking 'C:\Archivos de programa\Cypress\Warp\lib\common\work\cypress.vif'.
Library 'ieee' => directory 'C:\Archivos de programa\Cypress\Warp\lib\ieee\work'
Linking 'C:\Archivos de programa\Cypress\Warp\lib\ieee\work\stdlogic.vif'.

vhdlfe:  No errors.


tovif V6.3 IR 35:  High-level synthesis
Tue Oct 18 17:10:43 2016

Linking 'C:\Archivos de programa\Cypress\Warp\bin\std.vhd'.
Linking 'C:\Archivos de programa\Cypress\Warp\lib\common\cypress.vhd'.
Linking 'C:\Archivos de programa\Cypress\Warp\lib\common\work\cypress.vif'.
Linking 'C:\Archivos de programa\Cypress\Warp\lib\ieee\work\stdlogic.vif'.

tovif:  No errors.


topld V6.3 IR 35:  Synthesis and optimization
Tue Oct 18 17:10:44 2016

Linking 'C:\Archivos de programa\Cypress\Warp\bin\std.vhd'.
Linking 'C:\Archivos de programa\Cypress\Warp\lib\common\cypress.vhd'.
Linking 'C:\Archivos de programa\Cypress\Warp\lib\common\work\cypress.vif'.
Linking 'C:\Archivos de programa\Cypress\Warp\lib\ieee\work\stdlogic.vif'.

----------------------------------------------------------
Detecting unused logic.
----------------------------------------------------------


Deleted 0 User equations/components.
Deleted 2 Synthesized equations/components.

------------------------------------------------------
Alias Detection
------------------------------------------------------

------------------------------------------------------
Aliased 0 equations, 22 wires.
------------------------------------------------------

----------------------------------------------------------
Circuit simplification
----------------------------------------------------------

----------------------------------------------------------
Circuit simplification results:

	Expanded 8 signals.
	Turned 0 signals into soft nodes.
	Maximum default expansion cost was set at 10.
----------------------------------------------------------

------------------------------------------------------
Alias Detection
------------------------------------------------------

------------------------------------------------------
Aliased 0 equations, 0 wires.
------------------------------------------------------
Created 56 PLD nodes.

topld:  No errors.

----------------------------------------------------------------------------
PLD Optimizer Software:       DSGNOPT.EXE    31/03/2000  [v4.02 ] 6.3 IR 35

DESIGN HEADER INFORMATION  (17:10:48)

Input File(s): Codigo_P7_TecladoMatricial.pla
Device       : C22V10
Package      : palce22v10-15pc
ReportFile   : Codigo_P7_TecladoMatricial.rpt

Program Controls:
    COMMAND LANGUAGE_VHDL 
    COMMAND PROPERTY BUS_HOLD ENABLE 

Signal Requests:
    GROUP USEPOL ALL
    GROUP FAST_SLEW ALL

Completed Successfully  
----------------------------------------------------------------------------
PLD Optimizer Software:       DSGNOPT.EXE    31/03/2000  [v4.02 ] 6.3 IR 35

OPTIMIZATION OPTIONS       (17:10:48)

Messages:
  Information: Process virtual '\display(0)D\'\display(0)D\ ... expanded.
  Information: Process virtual '\display(1)D\'\display(1)D\ ... expanded.
  Information: Process virtual '\display(2)D\'\display(2)D\ ... expanded.
  Information: Process virtual '\display(3)D\'\display(3)D\ ... expanded.
  Information: Process virtual '\display(4)D\'\display(4)D\ ... expanded.
  Information: Process virtual '\display(5)D\'\display(5)D\ ... expanded.
  Information: Process virtual '\display(6)D\'\display(6)D\ ... expanded.
  Information: Optimizing logic using best output polarity for signals:
         display(0).D display(1).D display(2).D display(3).D display(4).D
         display(5).D display(6).D

  Information: Selected logic optimization OFF for signals:
         columna(0).D columna(0).AR columna(0).C columna(1).D columna(1).AP
         columna(1).C columna(2).D columna(2).AP columna(2).C display(0).AP
         display(0).C display(1).AP display(1).C display(2).AP display(2).C
         display(3).AP display(3).C display(4).AP display(4).C display(5).AP
         display(5).C display(6).AP display(6).C



Summary:
                 Error Count = 0      Warning Count = 0

Completed Successfully  
----------------------------------------------------------------------------
PLD Optimizer Software:       MINOPT.EXE     01/NOV/1999  [v4.02 ] 6.3 IR 35

LOGIC MINIMIZATION         ()

Messages:


Summary:
                 Error Count = 0      Warning Count = 0

Completed Successfully
----------------------------------------------------------------------------
PLD Optimizer Software:       DSGNOPT.EXE    31/03/2000  [v4.02 ] 6.3 IR 35

OPTIMIZATION OPTIONS       (17:10:48)

Messages:
  Information: Optimizing Banked Preset/Reset requirements.
  Information: Selecting D register equation as minimal for signal columna(0)
  Information: Selecting D register equation as minimal for signal display(6)
  Information: Selecting D register equation as minimal for signal display(5)
  Information: Selecting D register equation as minimal for signal display(4)
  Information: Selecting D register equation as minimal for signal display(3)
  Information: Selecting D register equation as minimal for signal display(2)
  Information: Selecting D register equation as minimal for signal display(1)
  Information: Selecting D register equation as minimal for signal display(0)
  Information: Inverting Preset/Reset & output logic polarity for columna(1).
  Information: Selecting D register equation as minimal for signal columna(1)
  Information: Inverting Preset/Reset & output logic polarity for columna(2).
  Information: Selecting D register equation as minimal for signal columna(2)
  Information: Optimizing logic without changing polarity for signals:
         display(0).D display(1).D display(2).D display(3).D display(4).D
         display(5).D display(6).D

  Information: Selected logic optimization OFF for signals:
         columna(0).D columna(0).AR columna(0).SP columna(0).C columna(1).D
         columna(1).AR columna(1).SP columna(1).C columna(2).D columna(2).AR
         columna(2).SP columna(2).C display(0).AR display(0).SP display(0).C
         display(1).AR display(1).SP display(1).C display(2).AR display(2).SP
         display(2).C display(3).AR display(3).SP display(3).C display(4).AR
         display(4).SP display(4).C display(5).AR display(5).SP display(5).C
         display(6).AR display(6).SP display(6).C



Summary:
                 Error Count = 0      Warning Count = 0

Completed Successfully  
----------------------------------------------------------------------------
PLD Optimizer Software:       MINOPT.EXE     01/NOV/1999  [v4.02 ] 6.3 IR 35

LOGIC MINIMIZATION         ()

Messages:


Summary:
                 Error Count = 0      Warning Count = 0

Completed Successfully
----------------------------------------------------------------------------
PLD Optimizer Software:       DSGNOPT.EXE    31/03/2000  [v4.02 ] 6.3 IR 35

OPTIMIZATION OPTIONS       (17:10:49)

Messages:


Summary:
                 Error Count = 0      Warning Count = 0

Completed Successfully  
----------------------------------------------------------------------------
PLD Compiler Software:        PLA2JED.EXE    31/03/2000  [v4.02 ] 6.3 IR 35

<CYPRESSTAG name="Equations" icon=FILE_RPT_EQUATION>
DESIGN EQUATIONS           (17:10:50)
</CYPRESSTAG>

    columna(0).D =
          columna(2).Q 

    columna(0).AR =
          clear 

    columna(0).SP =
          GND

    columna(0).C =
          clock 

    /columna(1).D =
          /columna(0).Q 

    columna(1).AR =
          clear 

    columna(1).SP =
          GND

    columna(1).C =
          clock 

    /columna(2).D =
          /columna(1).Q 

    columna(2).AR =
          clear 

    columna(2).SP =
          GND

    columna(2).C =
          clock 

    /display(0).D =
          /columna(0).Q * columna(1).Q * columna(2).Q * /fila(0) * fila(1) * 
          fila(2) * fila(3) 
        + columna(0).Q * /columna(1).Q * columna(2).Q * /fila(0) * fila(1) * 
          fila(2) * fila(3) 
        + /columna(0).Q * columna(1).Q * columna(2).Q * fila(0) * /fila(1) * 
          fila(2) * fila(3) 
        + columna(0).Q * /columna(1).Q * columna(2).Q * fila(0) * /fila(1) * 
          fila(2) * fila(3) 
        + columna(0).Q * columna(1).Q * /columna(2).Q * fila(0) * /fila(1) * 
          fila(2) * fila(3) 
        + /columna(0).Q * columna(1).Q * columna(2).Q * fila(0) * fila(1) * 
          /fila(2) * fila(3) 
        + columna(0).Q * /columna(1).Q * columna(2).Q * fila(0) * fila(1) * 
          /fila(2) * fila(3) 
        + /columna(0).Q * columna(1).Q * columna(2).Q * fila(0) * fila(1) * 
          fila(2) * /fila(3) 
        + columna(0).Q * columna(1).Q * /columna(2).Q * fila(0) * fila(1) * 
          fila(2) * /fila(3) 
        + /display(0).Q * fila(0) * fila(1) * fila(2) * fila(3) 

    display(0).AR =
          clear 

    display(0).SP =
          GND

    display(0).C =
          clock 

    /display(1).D =
          /columna(0).Q * columna(1).Q * columna(2).Q * fila(0) * /fila(1) * 
          fila(2) * fila(3) 
        + columna(0).Q * /columna(1).Q * columna(2).Q * fila(0) * /fila(1) * 
          fila(2) * fila(3) 
        + columna(0).Q * columna(1).Q * /columna(2).Q * fila(0) * /fila(1) * 
          fila(2) * fila(3) 
        + /columna(0).Q * columna(1).Q * columna(2).Q * fila(0) * fila(1) * 
          /fila(2) * fila(3) 
        + columna(0).Q * /columna(1).Q * columna(2).Q * fila(0) * fila(1) * 
          /fila(2) * fila(3) 
        + /columna(0).Q * columna(1).Q * columna(2).Q * fila(0) * fila(1) * 
          fila(2) * /fila(3) 
        + columna(0).Q * /columna(1).Q * columna(2).Q * fila(0) * fila(1) * 
          fila(2) * /fila(3) 
        + /display(1).Q * fila(0) * fila(1) * fila(2) * fila(3) 

    display(1).AR =
          clear 

    display(1).SP =
          GND

    display(1).C =
          clock 

    /display(2).D =
          columna(0).Q * /columna(1).Q * columna(2).Q * /fila(0) * fila(1) * 
          fila(2) * fila(3) 
        + /columna(0).Q * columna(1).Q * columna(2).Q * fila(0) * /fila(1) * 
          fila(2) * fila(3) 
        + columna(0).Q * /columna(1).Q * columna(2).Q * fila(0) * fila(1) * 
          /fila(2) * fila(3) 
        + /columna(0).Q * columna(1).Q * columna(2).Q * fila(0) * fila(1) * 
          fila(2) * /fila(3) 
        + columna(0).Q * /columna(1).Q * columna(2).Q * fila(0) * fila(1) * 
          fila(2) * /fila(3) 
        + columna(0).Q * columna(1).Q * /columna(2).Q * fila(0) * fila(1) * 
          fila(2) * /fila(3) 
        + /display(2).Q * fila(0) * fila(1) * fila(2) * fila(3) 

    display(2).AR =
          clear 

    display(2).SP =
          GND

    display(2).C =
          clock 

    /display(3).D =
          columna(0).Q * /columna(1).Q * columna(2).Q * /fila(0) * fila(1) * 
          fila(2) * fila(3) 
        + /columna(0).Q * columna(1).Q * columna(2).Q * fila(0) * /fila(1) * 
          fila(2) * fila(3) 
        + columna(0).Q * /columna(1).Q * columna(2).Q * fila(0) * fila(1) * 
          /fila(2) * fila(3) 
        + columna(0).Q * /columna(1).Q * columna(2).Q * fila(0) * fila(1) * 
          fila(2) * /fila(3) 
        + columna(0).Q * columna(1).Q * /columna(2).Q * fila(0) * fila(1) * 
          fila(2) * /fila(3) 
        + /columna(0).Q * columna(1).Q * columna(2).Q * /fila(0) * fila(1) * 
          fila(2) * fila(3) 
        + columna(0).Q * /columna(1).Q * columna(2).Q * fila(0) * /fila(1) * 
          fila(2) * fila(3) 
        + /display(3).Q * fila(0) * fila(1) * fila(2) * fila(3) 

    display(3).AR =
          clear 

    display(3).SP =
          GND

    display(3).C =
          clock 

    /display(4).D =
          /columna(0).Q * columna(1).Q * columna(2).Q * /fila(0) * fila(1) * 
          fila(2) * fila(3) 
        + columna(0).Q * columna(1).Q * /columna(2).Q * /fila(0) * fila(1) * 
          fila(2) * fila(3) 
        + /columna(0).Q * columna(1).Q * columna(2).Q * fila(0) * /fila(1) * 
          fila(2) * fila(3) 
        + columna(0).Q * /columna(1).Q * columna(2).Q * fila(0) * /fila(1) * 
          fila(2) * fila(3) 
        + columna(0).Q * columna(1).Q * /columna(2).Q * fila(0) * /fila(1) * 
          fila(2) * fila(3) 
        + /columna(0).Q * columna(1).Q * columna(2).Q * fila(0) * fila(1) * 
          /fila(2) * fila(3) 
        + columna(0).Q * /columna(1).Q * columna(2).Q * fila(0) * fila(1) * 
          /fila(2) * fila(3) 
        + columna(0).Q * columna(1).Q * /columna(2).Q * fila(0) * fila(1) * 
          /fila(2) * fila(3) 
        + /columna(0).Q * columna(1).Q * columna(2).Q * fila(0) * fila(1) * 
          fila(2) * /fila(3) 
        + columna(0).Q * /columna(1).Q * columna(2).Q * fila(0) * fila(1) * 
          fila(2) * /fila(3) 
        + columna(0).Q * columna(1).Q * /columna(2).Q * fila(0) * fila(1) * 
          fila(2) * /fila(3) 
        + /display(4).Q * fila(0) * fila(1) * fila(2) * fila(3) 

    display(4).AR =
          clear 

    display(4).SP =
          GND

    display(4).C =
          clock 

    /display(5).D =
          /columna(0).Q * columna(1).Q * columna(2).Q * /fila(0) * fila(1) * 
          fila(2) * fila(3) 
        + columna(0).Q * /columna(1).Q * columna(2).Q * /fila(0) * fila(1) * 
          fila(2) * fila(3) 
        + columna(0).Q * columna(1).Q * /columna(2).Q * /fila(0) * fila(1) * 
          fila(2) * fila(3) 
        + columna(0).Q * columna(1).Q * /columna(2).Q * fila(0) * /fila(1) * 
          fila(2) * fila(3) 
        + /columna(0).Q * columna(1).Q * columna(2).Q * fila(0) * fila(1) * 
          /fila(2) * fila(3) 
        + columna(0).Q * /columna(1).Q * columna(2).Q * fila(0) * fila(1) * 
          /fila(2) * fila(3) 
        + columna(0).Q * columna(1).Q * /columna(2).Q * fila(0) * fila(1) * 
          /fila(2) * fila(3) 
        + /columna(0).Q * columna(1).Q * columna(2).Q * fila(0) * fila(1) * 
          fila(2) * /fila(3) 
        + columna(0).Q * /columna(1).Q * columna(2).Q * fila(0) * fila(1) * 
          fila(2) * /fila(3) 
        + /display(5).Q * fila(0) * fila(1) * fila(2) * fila(3) 

    display(5).AR =
          clear 

    display(5).SP =
          GND

    display(5).C =
          clock 

    /display(6).D =
          /columna(0).Q * columna(1).Q * columna(2).Q * /fila(0) * fila(1) * 
          fila(2) * fila(3) 
        + columna(0).Q * /columna(1).Q * columna(2).Q * /fila(0) * fila(1) * 
          fila(2) * fila(3) 
        + /columna(0).Q * columna(1).Q * columna(2).Q * fila(0) * /fila(1) * 
          fila(2) * fila(3) 
        + columna(0).Q * /columna(1).Q * columna(2).Q * fila(0) * /fila(1) * 
          fila(2) * fila(3) 
        + /columna(0).Q * columna(1).Q * columna(2).Q * fila(0) * fila(1) * 
          /fila(2) * fila(3) 
        + columna(0).Q * /columna(1).Q * columna(2).Q * fila(0) * fila(1) * 
          /fila(2) * fila(3) 
        + columna(0).Q * columna(1).Q * /columna(2).Q * fila(0) * fila(1) * 
          /fila(2) * fila(3) 
        + columna(0).Q * /columna(1).Q * columna(2).Q * fila(0) * fila(1) * 
          fila(2) * /fila(3) 
        + /display(6).Q * fila(0) * fila(1) * fila(2) * fila(3) 

    display(6).AR =
          clear 

    display(6).SP =
          GND

    display(6).C =
          clock 


Completed Successfully  
----------------------------------------------------------------------------
PLD Compiler Software:        PLA2JED.EXE    31/03/2000  [v4.02 ] 6.3 IR 35

DESIGN RULE CHECK          (17:10:50)

Messages:
                 None.


Summary:
                 Error Count = 0      Warning Count = 0

Completed Successfully  
----------------------------------------------------------------------------
PLD Compiler Software:        PLA2JED.EXE    31/03/2000  [v4.02 ] 6.3 IR 35

<CYPRESSTAG name="Pinout" icon=FILE_RPT_PINOUT>
PINOUT INFORMATION   (17:10:50)
</CYPRESSTAG>
Messages:
  Information: All signals pre-placed in user design.


                                 C22V10
                 __________________________________________
          clock =| 1|                                  |24|* not used       
       not used *| 2|                                  |23|= columna(0)     
       not used *| 3|                                  |22|= columna(1)     
       not used *| 4|                                  |21|= display(6)     
       not used *| 5|                                  |20|= display(5)     
       not used *| 6|                                  |19|= display(4)     
       not used *| 7|                                  |18|= display(3)     
        fila(0) =| 8|                                  |17|= display(2)     
        fila(1) =| 9|                                  |16|= display(1)     
        fila(2) =|10|                                  |15|= display(0)     
        fila(3) =|11|                                  |14|= columna(2)     
       not used *|12|                                  |13|= clear          
                 __________________________________________


Summary:
                 Error Count = 0      Warning Count = 0

Completed Successfully  
  Information: Checking for duplicate NODE logic.
----------------------------------------------------------------------------
PLD Compiler Software:        PLA2JED.EXE    31/03/2000  [v4.02 ] 6.3 IR 35

<CYPRESSTAG name="Utilization" icon=FILE_RPT_UTILIZATION>
RESOURCE UTILIZATION (17:10:50)
</CYPRESSTAG>
  Information: Macrocell Utilization.

                     Description        Used     Max
                 ______________________________________
                 | Dedicated Inputs   |    5  |   11  |
                 | Clock/Inputs       |    1  |    1  |
                 | I/O Macrocells     |   10  |   10  |
                 ______________________________________
                                          16  /   22   = 72  %


  Information: Output Logic Product Term Utilization.

                  Node#  Output Signal Name  Used   Max
                 ________________________________________
                 | 14  |  columna(2)      |   1  |   8  |
                 | 15  |  display(0)      |  10  |  10  |
                 | 16  |  display(1)      |   8  |  12  |
                 | 17  |  display(2)      |   7  |  14  |
                 | 18  |  display(3)      |   8  |  16  |
                 | 19  |  display(4)      |  12  |  16  |
                 | 20  |  display(5)      |  10  |  14  |
                 | 21  |  display(6)      |   9  |  12  |
                 | 22  |  columna(1)      |   1  |  10  |
                 | 23  |  columna(0)      |   1  |   8  |
                 | 25  |  Unused          |   0  |   1  |
                 ________________________________________
                                             67  / 121   = 55  %


Completed Successfully  
----------------------------------------------------------------------------
PLD Compiler Software:        PLA2JED.EXE    31/03/2000  [v4.02 ] 6.3 IR 35

JEDEC ASSEMBLE             (17:10:50)

Messages:
  Information: Output file 'Codigo_P7_TecladoMatricial.pin' created.
  Information: Output file 'Codigo_P7_TecladoMatricial.jed' created.

  Usercode:    
  Checksum:    7CD2



Summary:
                 Error Count = 0      Warning Count = 0

Completed Successfully at 17:10:50
