
     | | | | | | |
   _________________
  -|               |-
  -|               |-
  -|               |-
  -|    CYPRESS    |-
  -|               |-
  -|               |-   Warp VHDL Synthesis Compiler: Version 6.3 IR 35
  -|               |-   Copyright (C) 1991-2001 Cypress Semiconductor
   |_______________|
     | | | | | | |

======================================================================
Compiling:  Marquesina.vhd
Options:    -yu -e10 -w100 -o2 -ygs -fP -v10 -dc22v10 -ppalce22v10-15pc -b Marquesina.vhd -u Marquesina.hie
======================================================================

vhdlfe V6.3 IR 35:  VHDL parser
Wed May 24 11:09:17 2017

Library 'work' => directory 'lc22v10'
Linking 'C:\Archivos de programa\Cypress\Warp\bin\std.vhd'.
Linking 'C:\Archivos de programa\Cypress\Warp\lib\common\cypress.vhd'.
Linking 'C:\Archivos de programa\Cypress\Warp\lib\common\work\cypress.vif'.
Library 'ieee' => directory 'C:\Archivos de programa\Cypress\Warp\lib\ieee\work'
Linking 'C:\Archivos de programa\Cypress\Warp\lib\ieee\work\stdlogic.vif'.

vhdlfe:  No errors.


tovif V6.3 IR 35:  High-level synthesis
Wed May 24 11:09:17 2017

Linking 'C:\Archivos de programa\Cypress\Warp\bin\std.vhd'.
Linking 'C:\Archivos de programa\Cypress\Warp\lib\common\cypress.vhd'.
Linking 'C:\Archivos de programa\Cypress\Warp\lib\common\work\cypress.vif'.
Linking 'C:\Archivos de programa\Cypress\Warp\lib\ieee\work\stdlogic.vif'.

tovif:  No errors.


topld V6.3 IR 35:  Synthesis and optimization
Wed May 24 11:09:17 2017

Linking 'C:\Archivos de programa\Cypress\Warp\bin\std.vhd'.
Linking 'C:\Archivos de programa\Cypress\Warp\lib\common\cypress.vhd'.
Linking 'C:\Archivos de programa\Cypress\Warp\lib\common\work\cypress.vif'.
Linking 'C:\Archivos de programa\Cypress\Warp\lib\ieee\work\stdlogic.vif'.

----------------------------------------------------------
Detecting unused logic.
----------------------------------------------------------



------------------------------------------------------
Alias Detection
------------------------------------------------------

------------------------------------------------------
Aliased 0 equations, 22 wires.
------------------------------------------------------

----------------------------------------------------------
Circuit simplification
----------------------------------------------------------

----------------------------------------------------------
Circuit simplification results:

	Expanded 0 signals.
	Turned 0 signals into soft nodes.
	Maximum default expansion cost was set at 10.
----------------------------------------------------------
Created 45 PLD nodes.

topld:  No errors.

----------------------------------------------------------------------------
PLD Optimizer Software:       DSGNOPT.EXE    31/03/2000  [v4.02 ] 6.3 IR 35

DESIGN HEADER INFORMATION  (11:09:18)

Input File(s): Marquesina.pla
Device       : C22V10
Package      : palce22v10-15pc
ReportFile   : Marquesina.rpt

Program Controls:
    COMMAND LANGUAGE_VHDL 
    COMMAND PROPERTY BUS_HOLD ENABLE 

Signal Requests:
    GROUP USEPOL ALL
    GROUP FAST_SLEW ALL

Completed Successfully  
----------------------------------------------------------------------------
PLD Optimizer Software:       DSGNOPT.EXE    31/03/2000  [v4.02 ] 6.3 IR 35

OPTIMIZATION OPTIONS       (11:09:18)

Messages:
  Information: Process virtual '\display(0)D\'\display(0)D\ ... expanded.
  Information: Process virtual '\display(3)D\'\display(3)D\ ... expanded.
  Information: Process virtual '\display(5)D\'\display(5)D\ ... expanded.
  Information: Process virtual '\display(6)D\'\display(6)D\ ... expanded.
  Information: Process virtual '\display(7)D\'\display(7)D\ ... expanded.
  Information: Process virtual '\display(8)D\'\display(8)D\ ... expanded.
  Information: Process virtual '\display(9)D\'\display(9)D\ ... expanded.
  Information: Optimizing logic using best output polarity for signals:
         display(0).D display(3).D display(4).D display(5).D display(6).D
         display(7).D display(8).D display(9).D

  Information: Selected logic optimization OFF for signals:
         display(0).AR display(0).C display(1).D display(1).AR display(1).C
         display(2).D display(2).AR display(2).C display(3).AR display(3).C
         display(4).AR display(4).C display(5).AR display(5).C display(6).AR
         display(6).C display(7).AP display(7).C display(8).AP display(8).C
         display(9).AP display(9).C



Summary:
                 Error Count = 0      Warning Count = 0

Completed Successfully  
----------------------------------------------------------------------------
PLD Optimizer Software:       MINOPT.EXE     01/NOV/1999  [v4.02 ] 6.3 IR 35

LOGIC MINIMIZATION         ()

Messages:


Summary:
                 Error Count = 0      Warning Count = 0

Completed Successfully
----------------------------------------------------------------------------
PLD Optimizer Software:       DSGNOPT.EXE    31/03/2000  [v4.02 ] 6.3 IR 35

OPTIMIZATION OPTIONS       (11:09:18)

Messages:
  Information: Optimizing Banked Preset/Reset requirements.


Summary:
                 Error Count = 0      Warning Count = 0

Completed Successfully  
----------------------------------------------------------------------------
PLD Compiler Software:        PLA2JED.EXE    31/03/2000  [v4.02 ] 6.3 IR 35

<CYPRESSTAG name="Equations" icon=FILE_RPT_EQUATION>
DESIGN EQUATIONS           (11:09:18)
</CYPRESSTAG>

    display(0).D =
          display(0).Q * /display(1).Q * /display(2).Q * /display(3).Q * 
          display(4).Q * display(5).Q * display(6).Q * display(7).Q * 
          /display(8).Q * display(9).Q * /e(0) * e(1) * e(2) 
        + /display(0).Q * /display(1).Q * /display(2).Q * display(3).Q * 
          /display(4).Q * /display(5).Q * display(7).Q * /display(8).Q * 
          display(9).Q * /e(0) * e(1) * e(2) 
        + display(0).Q * /display(1).Q * /display(2).Q * /display(3).Q * 
          display(4).Q * display(5).Q * display(6).Q * /display(7).Q * 
          display(8).Q * display(9).Q * e(1) 
        + display(0).Q * /display(1).Q * /display(2).Q * /display(3).Q * 
          display(4).Q * display(5).Q * display(6).Q * /display(7).Q * 
          display(8).Q * display(9).Q * e(0) 
        + /display(0).Q * /display(1).Q * /display(2).Q * display(3).Q * 
          /display(4).Q * /display(5).Q * display(6).Q * display(7).Q * 
          /display(8).Q * display(9).Q * e(0) 
        + display(0).Q * /display(1).Q * /display(2).Q * /display(3).Q * 
          display(4).Q * display(5).Q * display(6).Q * /display(7).Q * 
          display(8).Q * display(9).Q * /e(2) 
        + /display(0).Q * /display(1).Q * /display(2).Q * display(3).Q * 
          /display(4).Q * /display(5).Q * display(6).Q * display(7).Q * 
          /display(8).Q * display(9).Q * /e(2) 
        + /display(0).Q * /display(1).Q * /display(2).Q * display(3).Q * 
          /display(4).Q * /display(5).Q * /display(6).Q * /display(7).Q * 
          display(8).Q * display(9).Q 
        + display(0).Q * /display(1).Q * /display(2).Q * /display(3).Q * 
          /display(4).Q * /display(5).Q * /display(6).Q * display(7).Q * 
          /display(8).Q * display(9).Q 
        + /display(0).Q * /display(1).Q * /display(2).Q * display(3).Q * 
          /display(4).Q * /display(5).Q * display(6).Q * display(7).Q * 
          display(8).Q * /display(9).Q 
        + display(0).Q * /display(1).Q * /display(2).Q * /display(3).Q * 
          /display(4).Q * /display(5).Q * /display(6).Q * display(7).Q * 
          display(8).Q * /display(9).Q 

    display(0).AR =
          clr 

    display(0).SP =
          GND

    display(0).C =
          clk 

    display(1).D =
          GND

    display(1).AR =
          clr 

    display(1).SP =
          GND

    display(1).C =
          clk 

    display(2).D =
          GND

    display(2).AR =
          clr 

    display(2).SP =
          GND

    display(2).C =
          clk 

    display(3).D =
          /display(0).Q * /display(1).Q * /display(2).Q * display(3).Q * 
          /display(4).Q * /display(5).Q * /display(6).Q * display(7).Q * 
          display(8).Q * /display(9).Q * e(0) * e(1) * e(2) 
        + display(0).Q * /display(1).Q * /display(2).Q * /display(3).Q * 
          display(4).Q * display(5).Q * display(6).Q * /display(7).Q * 
          display(8).Q * display(9).Q * /e(0) * /e(1) * e(2) 
        + /display(0).Q * /display(1).Q * /display(2).Q * display(3).Q * 
          /display(4).Q * /display(5).Q * display(7).Q * /display(8).Q * 
          display(9).Q * /e(0) * /e(1) * e(2) 
        + /display(0).Q * /display(1).Q * /display(2).Q * /display(3).Q * 
          /display(4).Q * /display(5).Q * /display(6).Q * display(7).Q * 
          display(8).Q * display(9).Q * e(2) 
        + /display(0).Q * /display(1).Q * /display(2).Q * /display(3).Q * 
          /display(4).Q * /display(5).Q * /display(6).Q * display(7).Q * 
          display(8).Q * display(9).Q * e(1) 
        + display(0).Q * /display(1).Q * /display(2).Q * /display(3).Q * 
          display(4).Q * display(5).Q * display(6).Q * display(7).Q * 
          /display(8).Q * display(9).Q * e(0) 
        + /display(0).Q * /display(1).Q * /display(2).Q * display(3).Q * 
          /display(4).Q * /display(5).Q * /display(6).Q * display(7).Q * 
          /display(8).Q * display(9).Q * e(0) 
        + display(0).Q * /display(1).Q * /display(2).Q * /display(3).Q * 
          display(4).Q * display(5).Q * display(6).Q * display(7).Q * 
          /display(8).Q * display(9).Q * /e(1) 
        + display(0).Q * /display(1).Q * /display(2).Q * /display(3).Q * 
          display(4).Q * display(5).Q * display(6).Q * display(7).Q * 
          /display(8).Q * display(9).Q * /e(2) 
        + /display(0).Q * /display(1).Q * /display(2).Q * display(3).Q * 
          /display(4).Q * /display(5).Q * /display(6).Q * display(7).Q * 
          /display(8).Q * display(9).Q * /e(2) 
        + /display(0).Q * /display(1).Q * /display(2).Q * display(3).Q * 
          /display(4).Q * /display(5).Q * display(6).Q * /display(7).Q * 
          display(8).Q * display(9).Q 
        + display(0).Q * /display(1).Q * /display(2).Q * /display(3).Q * 
          /display(4).Q * /display(5).Q * /display(6).Q * /display(7).Q * 
          display(8).Q * display(9).Q 
        + display(0).Q * /display(1).Q * /display(2).Q * /display(3).Q * 
          display(4).Q * display(5).Q * display(6).Q * display(7).Q * 
          display(8).Q * /display(9).Q 

    display(3).AR =
          clr 

    display(3).SP =
          GND

    display(3).C =
          clk 

    display(4).D =
          display(0).Q * /display(1).Q * /display(2).Q * /display(3).Q * 
          display(4).Q * display(5).Q * display(6).Q * display(7).Q * 
          /display(8).Q * display(9).Q * /e(0) * e(1) * e(2) 
        + /display(0).Q * /display(1).Q * /display(2).Q * display(3).Q * 
          /display(4).Q * /display(5).Q * /display(6).Q * display(7).Q * 
          /display(8).Q * display(9).Q * /e(0) * e(1) * e(2) 
        + /display(0).Q * /display(1).Q * /display(2).Q * display(3).Q * 
          /display(4).Q * /display(5).Q * /display(6).Q * /display(7).Q * 
          display(8).Q * display(9).Q * e(1) 
        + display(0).Q * /display(1).Q * /display(2).Q * /display(3).Q * 
          /display(4).Q * /display(5).Q * /display(6).Q * display(7).Q * 
          /display(8).Q * display(9).Q * e(1) 
        + /display(0).Q * /display(1).Q * /display(2).Q * display(3).Q * 
          /display(4).Q * /display(5).Q * /display(6).Q * /display(7).Q * 
          display(8).Q * display(9).Q * /e(0) 
        + display(0).Q * /display(1).Q * /display(2).Q * /display(3).Q * 
          /display(4).Q * /display(5).Q * /display(6).Q * display(7).Q * 
          /display(8).Q * display(9).Q * /e(0) 
        + /display(0).Q * /display(1).Q * /display(2).Q * display(3).Q * 
          /display(4).Q * /display(5).Q * /display(6).Q * /display(7).Q * 
          display(8).Q * display(9).Q * /e(2) 
        + display(0).Q * /display(1).Q * /display(2).Q * /display(3).Q * 
          /display(4).Q * /display(5).Q * /display(6).Q * display(7).Q * 
          /display(8).Q * display(9).Q * /e(2) 
        + display(0).Q * /display(1).Q * /display(2).Q * /display(3).Q * 
          /display(4).Q * /display(5).Q * /display(6).Q * display(7).Q * 
          display(8).Q * /display(9).Q 

    display(4).AR =
          clr 

    display(4).SP =
          GND

    display(4).C =
          clk 

    display(5).D =
          display(0).Q * /display(1).Q * /display(2).Q * /display(3).Q * 
          display(4).Q * display(5).Q * display(6).Q * display(7).Q * 
          /display(8).Q * display(9).Q * /e(0) * e(1) * e(2) 
        + /display(0).Q * /display(1).Q * /display(2).Q * display(3).Q * 
          /display(4).Q * /display(5).Q * /display(6).Q * display(7).Q * 
          /display(8).Q * display(9).Q * /e(0) * e(1) * e(2) 
        + /display(0).Q * /display(1).Q * /display(2).Q * display(3).Q * 
          /display(4).Q * /display(5).Q * /display(6).Q * /display(7).Q * 
          display(8).Q * display(9).Q * e(1) 
        + display(0).Q * /display(1).Q * /display(2).Q * /display(3).Q * 
          /display(4).Q * /display(5).Q * /display(6).Q * display(7).Q * 
          /display(8).Q * display(9).Q * e(1) 
        + /display(0).Q * /display(1).Q * /display(2).Q * display(3).Q * 
          /display(4).Q * /display(5).Q * /display(6).Q * /display(7).Q * 
          display(8).Q * display(9).Q * /e(0) 
        + display(0).Q * /display(1).Q * /display(2).Q * /display(3).Q * 
          /display(4).Q * /display(5).Q * /display(6).Q * display(7).Q * 
          /display(8).Q * display(9).Q * /e(0) 
        + /display(0).Q * /display(1).Q * /display(2).Q * display(3).Q * 
          /display(4).Q * /display(5).Q * /display(6).Q * /display(7).Q * 
          display(8).Q * display(9).Q * /e(2) 
        + display(0).Q * /display(1).Q * /display(2).Q * /display(3).Q * 
          /display(4).Q * /display(5).Q * /display(6).Q * display(7).Q * 
          /display(8).Q * display(9).Q * /e(2) 
        + display(0).Q * /display(1).Q * /display(2).Q * /display(3).Q * 
          /display(4).Q * /display(5).Q * /display(6).Q * display(7).Q * 
          display(8).Q * /display(9).Q 

    display(5).AR =
          clr 

    display(5).SP =
          GND

    display(5).C =
          clk 

    display(6).D =
          display(0).Q * /display(1).Q * /display(2).Q * /display(3).Q * 
          display(4).Q * display(5).Q * display(6).Q * display(7).Q * 
          /display(8).Q * display(9).Q * /e(0) * e(1) * e(2) 
        + /display(0).Q * /display(1).Q * /display(2).Q * display(3).Q * 
          /display(4).Q * /display(5).Q * /display(6).Q * display(7).Q * 
          /display(8).Q * display(9).Q * /e(0) * e(1) * e(2) 
        + display(0).Q * /display(1).Q * /display(2).Q * /display(3).Q * 
          display(4).Q * display(5).Q * display(6).Q * /display(7).Q * 
          display(8).Q * display(9).Q * /e(0) * /e(1) * e(2) 
        + /display(0).Q * /display(1).Q * /display(2).Q * display(3).Q * 
          /display(4).Q * /display(5).Q * display(6).Q * display(7).Q * 
          /display(8).Q * display(9).Q * /e(0) * /e(1) * e(2) 
        + /display(0).Q * /display(1).Q * /display(2).Q * /display(3).Q * 
          /display(4).Q * /display(5).Q * /display(6).Q * display(7).Q * 
          display(8).Q * display(9).Q * e(2) 
        + /display(0).Q * /display(1).Q * /display(2).Q * /display(3).Q * 
          /display(4).Q * /display(5).Q * /display(6).Q * display(7).Q * 
          display(8).Q * display(9).Q * e(1) 
        + display(0).Q * /display(1).Q * /display(2).Q * /display(3).Q * 
          /display(4).Q * /display(5).Q * /display(6).Q * display(7).Q * 
          /display(8).Q * display(9).Q * e(1) 
        + display(0).Q * /display(1).Q * /display(2).Q * /display(3).Q * 
          /display(4).Q * /display(5).Q * /display(6).Q * display(7).Q * 
          /display(8).Q * display(9).Q * /e(0) 
        + display(0).Q * /display(1).Q * /display(2).Q * /display(3).Q * 
          /display(4).Q * /display(5).Q * /display(6).Q * display(7).Q * 
          /display(8).Q * display(9).Q * /e(2) 
        + /display(0).Q * /display(1).Q * /display(2).Q * display(3).Q * 
          /display(4).Q * /display(5).Q * /display(7).Q * display(8).Q * 
          display(9).Q * e(1) 
        + /display(0).Q * /display(1).Q * /display(2).Q * display(3).Q * 
          /display(4).Q * /display(5).Q * display(6).Q * /display(7).Q * 
          display(8).Q * display(9).Q 
        + display(0).Q * /display(1).Q * /display(2).Q * /display(3).Q * 
          /display(4).Q * /display(5).Q * /display(6).Q * /display(7).Q * 
          display(8).Q * display(9).Q 
        + display(0).Q * /display(1).Q * /display(2).Q * /display(3).Q * 
          /display(4).Q * /display(5).Q * /display(6).Q * display(7).Q * 
          display(8).Q * /display(9).Q 
        + /display(0).Q * /display(1).Q * /display(2).Q * display(3).Q * 
          /display(4).Q * /display(5).Q * /display(7).Q * display(8).Q * 
          display(9).Q * /e(0) 
        + /display(0).Q * /display(1).Q * /display(2).Q * display(3).Q * 
          /display(4).Q * /display(5).Q * /display(7).Q * display(8).Q * 
          display(9).Q * /e(2) 

    display(6).AR =
          clr 

    display(6).SP =
          GND

    display(6).C =
          clk 

    /display(7).D =
          /display(0).Q * /display(1).Q * /display(2).Q * display(3).Q * 
          /display(4).Q * /display(5).Q * display(6).Q * /display(7).Q * 
          display(8).Q * display(9).Q * /e(0) * e(1) * /e(2) 
        + /display(0).Q * /display(1).Q * /display(2).Q * /display(3).Q * 
          /display(4).Q * /display(5).Q * /display(6).Q * display(7).Q * 
          display(8).Q * display(9).Q * e(2) 
        + /display(0).Q * /display(1).Q * /display(2).Q * /display(3).Q * 
          /display(4).Q * /display(5).Q * /display(6).Q * display(7).Q * 
          display(8).Q * display(9).Q * e(1) 
        + display(0).Q * /display(1).Q * /display(2).Q * /display(3).Q * 
          display(4).Q * display(5).Q * display(6).Q * display(7).Q * 
          /display(8).Q * display(9).Q * e(0) 
        + /display(0).Q * /display(1).Q * /display(2).Q * display(3).Q * 
          /display(4).Q * /display(5).Q * display(6).Q * display(7).Q * 
          /display(8).Q * display(9).Q * e(1) 
        + /display(0).Q * /display(1).Q * /display(2).Q * display(3).Q * 
          /display(4).Q * /display(5).Q * display(6).Q * display(7).Q * 
          /display(8).Q * display(9).Q * e(0) 
        + display(0).Q * /display(1).Q * /display(2).Q * /display(3).Q * 
          /display(4).Q * /display(5).Q * /display(6).Q * display(7).Q * 
          /display(8).Q * display(9).Q * e(1) 
        + display(0).Q * /display(1).Q * /display(2).Q * /display(3).Q * 
          /display(4).Q * /display(5).Q * /display(6).Q * display(7).Q * 
          /display(8).Q * display(9).Q * /e(0) 
        + display(0).Q * /display(1).Q * /display(2).Q * /display(3).Q * 
          display(4).Q * display(5).Q * display(6).Q * display(7).Q * 
          /display(8).Q * display(9).Q * /e(1) 
        + display(0).Q * /display(1).Q * /display(2).Q * /display(3).Q * 
          display(4).Q * display(5).Q * display(6).Q * display(7).Q * 
          /display(8).Q * display(9).Q * /e(2) 
        + /display(0).Q * /display(1).Q * /display(2).Q * display(3).Q * 
          /display(4).Q * /display(5).Q * display(6).Q * display(7).Q * 
          /display(8).Q * display(9).Q * /e(2) 
        + display(0).Q * /display(1).Q * /display(2).Q * /display(3).Q * 
          /display(4).Q * /display(5).Q * /display(6).Q * display(7).Q * 
          /display(8).Q * display(9).Q * /e(2) 

    display(7).AR =
          clr 

    display(7).SP =
          GND

    display(7).C =
          clk 

    /display(8).D =
          display(0).Q * /display(1).Q * /display(2).Q * /display(3).Q * 
          /display(4).Q * /display(5).Q * /display(6).Q * /display(7).Q * 
          display(8).Q * display(9).Q * e(0) * e(1) * /e(2) 
        + /display(0).Q * /display(1).Q * /display(2).Q * display(3).Q * 
          /display(4).Q * /display(5).Q * display(6).Q * /display(7).Q * 
          display(8).Q * display(9).Q * e(2) 
        + /display(0).Q * /display(1).Q * /display(2).Q * display(3).Q * 
          /display(4).Q * /display(5).Q * display(6).Q * /display(7).Q * 
          display(8).Q * display(9).Q * e(0) 
        + /display(0).Q * /display(1).Q * /display(2).Q * display(3).Q * 
          /display(4).Q * /display(5).Q * display(6).Q * display(7).Q * 
          display(8).Q * /display(9).Q * e(1) 
        + display(0).Q * /display(1).Q * /display(2).Q * /display(3).Q * 
          /display(4).Q * /display(5).Q * /display(6).Q * display(7).Q * 
          display(8).Q * /display(9).Q * e(0) 
        + display(0).Q * /display(1).Q * /display(2).Q * /display(3).Q * 
          display(4).Q * display(5).Q * display(6).Q * display(7).Q * 
          display(8).Q * /display(9).Q * /e(0) 
        + /display(0).Q * /display(1).Q * /display(2).Q * display(3).Q * 
          /display(4).Q * /display(5).Q * display(6).Q * display(7).Q * 
          display(8).Q * /display(9).Q * /e(0) 
        + /display(0).Q * /display(1).Q * /display(2).Q * display(3).Q * 
          /display(4).Q * /display(5).Q * display(6).Q * /display(7).Q * 
          display(8).Q * display(9).Q * /e(1) 
        + display(0).Q * /display(1).Q * /display(2).Q * /display(3).Q * 
          display(4).Q * display(5).Q * display(6).Q * display(7).Q * 
          display(8).Q * /display(9).Q * /e(1) 
        + display(0).Q * /display(1).Q * /display(2).Q * /display(3).Q * 
          /display(4).Q * /display(5).Q * /display(6).Q * display(7).Q * 
          display(8).Q * /display(9).Q * /e(1) 
        + display(0).Q * /display(1).Q * /display(2).Q * /display(3).Q * 
          display(4).Q * display(5).Q * display(6).Q * display(7).Q * 
          display(8).Q * /display(9).Q * /e(2) 
        + /display(0).Q * /display(1).Q * /display(2).Q * display(3).Q * 
          /display(4).Q * /display(5).Q * display(6).Q * display(7).Q * 
          display(8).Q * /display(9).Q * /e(2) 
        + display(0).Q * /display(1).Q * /display(2).Q * /display(3).Q * 
          /display(4).Q * /display(5).Q * /display(6).Q * display(7).Q * 
          display(8).Q * /display(9).Q * /e(2) 

    display(8).AR =
          clr 

    display(8).SP =
          GND

    display(8).C =
          clk 

    /display(9).D =
          display(0).Q * /display(1).Q * /display(2).Q * /display(3).Q * 
          display(4).Q * display(5).Q * display(6).Q * display(7).Q * 
          display(8).Q * /display(9).Q * e(0) * e(1) * e(2) 
        + /display(0).Q * /display(1).Q * /display(2).Q * display(3).Q * 
          /display(4).Q * /display(5).Q * /display(6).Q * display(7).Q * 
          display(8).Q * /display(9).Q * e(0) * e(1) * e(2) 
        + display(0).Q * /display(1).Q * /display(2).Q * /display(3).Q * 
          display(4).Q * display(5).Q * display(6).Q * display(7).Q * 
          /display(8).Q * display(9).Q * /e(0) * e(1) * e(2) 
        + display(0).Q * /display(1).Q * /display(2).Q * /display(3).Q * 
          /display(4).Q * /display(5).Q * /display(6).Q * display(7).Q * 
          display(8).Q * /display(9).Q * /e(0) * e(1) * e(2) 
        + display(0).Q * /display(1).Q * /display(2).Q * /display(3).Q * 
          /display(4).Q * /display(5).Q * /display(6).Q * display(7).Q * 
          /display(8).Q * display(9).Q * e(0) * /e(1) * e(2) 
        + /display(0).Q * /display(1).Q * /display(2).Q * display(3).Q * 
          /display(4).Q * /display(5).Q * display(6).Q * display(7).Q * 
          display(8).Q * /display(9).Q * e(0) * /e(1) * e(2) 
        + /display(0).Q * /display(1).Q * /display(2).Q * display(3).Q * 
          /display(4).Q * /display(5).Q * display(7).Q * /display(8).Q * 
          display(9).Q * /e(0) * /e(1) * e(2) 
        + display(0).Q * /display(1).Q * /display(2).Q * /display(3).Q * 
          /display(4).Q * /display(5).Q * /display(6).Q * /display(7).Q * 
          display(8).Q * display(9).Q * e(2) 
        + display(0).Q * /display(1).Q * /display(2).Q * /display(3).Q * 
          /display(4).Q * /display(5).Q * /display(6).Q * /display(7).Q * 
          display(8).Q * display(9).Q * /e(0) 
        + display(0).Q * /display(1).Q * /display(2).Q * /display(3).Q * 
          /display(4).Q * /display(5).Q * /display(6).Q * /display(7).Q * 
          display(8).Q * display(9).Q * /e(1) 
        + display(0).Q * /display(1).Q * /display(2).Q * /display(3).Q * 
          display(4).Q * display(5).Q * display(6).Q * /display(7).Q * 
          display(8).Q * display(9).Q 
        + /display(0).Q * /display(1).Q * /display(2).Q * display(3).Q * 
          /display(4).Q * /display(5).Q * /display(6).Q * /display(7).Q * 
          display(8).Q * display(9).Q 
        + /display(0).Q * /display(1).Q * /display(2).Q * display(3).Q * 
          /display(4).Q * /display(5).Q * /display(6).Q * display(7).Q * 
          /display(8).Q * display(9).Q 

    display(9).AR =
          clr 

    display(9).SP =
          GND

    display(9).C =
          clk 


Completed Successfully  
----------------------------------------------------------------------------
PLD Compiler Software:        PLA2JED.EXE    31/03/2000  [v4.02 ] 6.3 IR 35

DESIGN RULE CHECK          (11:09:18)

Messages:
                 None.


Summary:
                 Error Count = 0      Warning Count = 0

Completed Successfully  
----------------------------------------------------------------------------
PLD Compiler Software:        PLA2JED.EXE    31/03/2000  [v4.02 ] 6.3 IR 35

<CYPRESSTAG name="Pinout" icon=FILE_RPT_PINOUT>
PINOUT INFORMATION   (11:09:18)
</CYPRESSTAG>
Messages:
  Information: Checking for duplicate NODE logic.
                 None.


                                 C22V10
                 __________________________________________
            clk =| 1|                                  |24|* not used       
            clr =| 2|                                  |23|= display(1)     
           e(2) =| 3|                                  |22|= display(4)     
           e(1) =| 4|                                  |21|= display(0)     
           e(0) =| 5|                                  |20|= display(8)     
       not used *| 6|                                  |19|= display(3)     
       not used *| 7|                                  |18|= display(6)     
       not used *| 8|                                  |17|= display(9)     
       not used *| 9|                                  |16|= display(7)     
       not used *|10|                                  |15|= display(5)     
       not used *|11|                                  |14|= display(2)     
       not used *|12|                                  |13|* not used       
                 __________________________________________


Summary:
                 Error Count = 0      Warning Count = 0

Completed Successfully  
----------------------------------------------------------------------------
PLD Compiler Software:        PLA2JED.EXE    31/03/2000  [v4.02 ] 6.3 IR 35

<CYPRESSTAG name="Utilization" icon=FILE_RPT_UTILIZATION>
RESOURCE UTILIZATION (11:09:18)
</CYPRESSTAG>
  Information: Macrocell Utilization.

                     Description        Used     Max
                 ______________________________________
                 | Dedicated Inputs   |    4  |   11  |
                 | Clock/Inputs       |    1  |    1  |
                 | I/O Macrocells     |   10  |   10  |
                 ______________________________________
                                          15  /   22   = 68  %


  Information: Output Logic Product Term Utilization.

                  Node#  Output Signal Name  Used   Max
                 ________________________________________
                 | 14  |  display(2)      |   1  |   8  |
                 | 15  |  display(5)      |   9  |  10  |
                 | 16  |  display(7)      |  12  |  12  |
                 | 17  |  display(9)      |  13  |  14  |
                 | 18  |  display(6)      |  15  |  16  |
                 | 19  |  display(3)      |  13  |  16  |
                 | 20  |  display(8)      |  13  |  14  |
                 | 21  |  display(0)      |  11  |  12  |
                 | 22  |  display(4)      |   9  |  10  |
                 | 23  |  display(1)      |   1  |   8  |
                 | 25  |  Unused          |   0  |   1  |
                 ________________________________________
                                             97  / 121   = 80  %


Completed Successfully  
----------------------------------------------------------------------------
PLD Compiler Software:        PLA2JED.EXE    31/03/2000  [v4.02 ] 6.3 IR 35

JEDEC ASSEMBLE             (11:09:18)

Messages:
  Information: Output file 'Marquesina.pin' created.
  Information: Output file 'Marquesina.jed' created.

  Usercode:    
  Checksum:    9D97



Summary:
                 Error Count = 0      Warning Count = 0

Completed Successfully at 11:09:18
